[digitonaut.com/art/velocibox/index.html]
[digitonaut.com/art/vertex_atmosphere/index.html]
[digitonaut.com/art/vertex-ocean/index.html]
[digitonaut.com/art/vintage_labyrinth/index.html]
[backblue.gif]
[fade.gif]
[index.html]
[digitonaut.com/art/viral_spiral/index.html]
[digitonaut.com/art/velocibox/shader-web-background.min.js]
[digitonaut.com/art/velocibox/index.html]
[digitonaut.com/art/vivid_factory/index.html]
[digitonaut.com/art/volcanic_planet/index.html]
[digitonaut.com/art/volumetric_plankton/index.html]
[digitonaut.com/art/voxel_hall_colors/index.html]
[digitonaut.com/art/voxel_planet/index.html]
[digitonaut.com/art/voxel_flythrough/index.html]
[digitonaut.com/art/voxel_reflection/index.html]
[digitonaut.com/art/voxel_tunnel/index.html]
[digitonaut.com/art/voxel_world/index.html]
[digitonaut.com/art/vertex_atmosphere/index.html]
[digitonaut.com/art/vertex-ocean/index.html]
[digitonaut.com/art/vertex_atmosphere/script.js]
[digitonaut.com/art/vintage_labyrinth/index.html]
[digitonaut.com/art/vintage_labyrinth/main.js]
[digitonaut.com/art/viral_spiral/index.html]
[digitonaut.com/art/vivid_factory/openProcessing.js]
[digitonaut.com/art/vertex_atmosphere/three.min.js]
[digitonaut.com/art/viral_spiral/processing.min.js]
[digitonaut.com/art/vintage_labyrinth/three.min.js]
[digitonaut.com/art/vivid_factory/index.html]
[digitonaut.com/art/vivid_factory/script.js]
[digitonaut.com/art/volcanic_planet/index.html]
[digitonaut.com/art/volcanic_planet/main.js]
[digitonaut.com/art/volumetric_plankton/index.html]
[digitonaut.com/art/volumetric_plankton/shader-web-background.min.js]
[digitonaut.com/art/voxel_flythrough/index.html]
[digitonaut.com/art/voxel_flythrough/shader-web-background.min.js]
[digitonaut.com/art/voxel_hall_colors/shader-web-background.min.js]
[digitonaut.com/art/voxel_hall_colors/ichannel0.png]
[digitonaut.com/art/voxel_hall_colors/index.html]
[digitonaut.com/art/voxel_planet/shader-web-background.min.js]
[digitonaut.com/art/voxel_planet/index.html]
[digitonaut.com/art/volcanic_planet/three.min.js]
[digitonaut.com/art/voxel_reflection/main.js]
[digitonaut.com/art/voxel_reflection/index.html]
[digitonaut.com/art/voxel_tunnel/shader-web-background.min.js]
[digitonaut.com/art/voxel_tunnel/index.html]
[digitonaut.com/art/voxel_world/shader-web-background.min.js]
[digitonaut.com/art/voxel_world/index.html]
[digitonaut.com/art/vertex_atmosphere/style.css]
[digitonaut.com/art/vintage_labyrinth/main.css]
[digitonaut.com/art/voxel_reflection/three.min.js]
[digitonaut.com/art/vivid_factory/p5.js]
[digitonaut.com/art/volcanic_planet/main.css]
[digitonaut.com/art/voxel_reflection/main.css]
